Windows@Windows-PC MINGW32 ~/Desktop
$ cd practica

Windows@Windows-PC MINGW32 ~/Desktop/practica (master)
$ git init
Reinitialized existing Git repository in C:/Users/Windows/Desktop/practica/.git/

Windows@Windows-PC MINGW32 ~/Desktop/practica (master)
$ git add primerapractica.html
fatal: pathspec 'primerapractica.html' did not match any files

Windows@Windows-PC MINGW32 ~/Desktop/practica (master)
$ git commit -m "agregando primer archivo"

*** Please tell me who you are.

Run

  git config --global user.email "you@example.com"
  git config --global user.name "Your Name"

to set your account's default identity.
Omit --global to set the identity only in this repository.

fatal: unable to auto-detect email address (got 'Windows@Windows-PC.(none)')

Windows@Windows-PC MINGW32 ~/Desktop/practica (master)
$ git remote add origin https://github.com/edit32tav/practica.git

Windows@Windows-PC MINGW32 ~/Desktop/practica (master)
$ git push -uorigin master
error: src refspec refs/heads/master does not match any.
error: failed to push some refs to 'master'

Windows@Windows-PC MINGW32 ~/Desktop/practica (master)
$ $ git push -uorigin master
bash: $: command not found

Windows@Windows-PC MINGW32 ~/Desktop/practica (master)
$ git push -u origin master
error: src refspec master does not match any.
error: failed to push some refs to 'https://github.com/edit32tav/practica.git'

Windows@Windows-PC MINGW32 ~/Desktop/practica (master)
$
